admatic@wecandonow.com :~/Desktop/kafka_2.11-2.2.2$ jps
14386 ConsoleConsumer
21141 Jps
7173 QuorumPeerMain
7931 Kafka
admatic@wecandonow.com :~/Desktop/kafka_2.11-2.2.2$ 








admatic@wecandonow.com :~/Desktop/kafka_2.11-2.2.2$ bin/kafka-topics.sh --zookeeper localhost:2181 --create --partitions 1 --replication-factor 1 --topic onlytime
Created topic onlytime.
admatic@wecandonow.com :~/Desktop/kafka_2.11-2.2.2$ bin/kafka-topics.sh --zookeeper localhost:2181 --describe --topic onlytime
Topic:onlytime	PartitionCount:1	ReplicationFactor:1	Configs:
	Topic: onlytime	Partition: 0	Leader: 0	Replicas: 0	Isr: 0
admatic@wecandonow.com :~/Desktop/kafka_2.11-2.2.2$ bin/kafka-topics.sh --zookeeper localhost:2181 --alter --topic onlytime --partitions 3
WARNING: If partitions are increased for a topic that has a key, the partition logic or ordering of the messages will be affected
Adding partitions succeeded!
admatic@wecandonow.com :~/Desktop/kafka_2.11-2.2.2$ bin/kafka-topics.sh --zookeeper localhost:2181 --describe --topic onlytime
Topic:onlytime	PartitionCount:3	ReplicationFactor:1	Configs:
	Topic: onlytime	Partition: 0	Leader: 0	Replicas: 0	Isr: 0
	Topic: onlytime	Partition: 1	Leader: 0	Replicas: 0	Isr: 0
	Topic: onlytime	Partition: 2	Leader: 0	Replicas: 0	Isr: 0
admatic@wecandonow.com :~/Desktop/kafka_2.11-2.2.2$ bin/kafka-topics.sh --zookeeper localhost:2181 --alter --topic onlytime --partitions 2
WARNING: If partitions are increased for a topic that has a key, the partition logic or ordering of the messages will be affected
Error while executing topic command : The number of partitions for a topic can only be increased. Topic onlytime currently has 3 partitions, 2 would not be an increase.
[2022-10-31 17:43:20,975] ERROR org.apache.kafka.common.errors.InvalidPartitionsException: The number of partitions for a topic can only be increased. Topic onlytime currently has 3 partitions, 2 would not be an increase.
 (kafka.admin.TopicCommand$)
admatic@wecandonow.com :~/Desktop/kafka_2.11-2.2.2$ bin/kafka-topics.sh --zookeeper localhost:2181 --dlete --topic onlytime
Exception in thread "main" joptsimple.UnrecognizedOptionException: dlete is not a recognized option
	at joptsimple.OptionException.unrecognizedOption(OptionException.java:108)
	at joptsimple.OptionParser.handleLongOptionToken(OptionParser.java:510)
	at joptsimple.OptionParserState$2.handleArgument(OptionParserState.java:56)
	at joptsimple.OptionParser.parse(OptionParser.java:396)
	at kafka.admin.TopicCommand$TopicCommandOptions.<init>(TopicCommand.scala:552)
	at kafka.admin.TopicCommand$.main(TopicCommand.scala:49)
	at kafka.admin.TopicCommand.main(TopicCommand.scala)
admatic@wecandonow.com :~/Desktop/kafka_2.11-2.2.2$ bin/kafka-topics.sh --zookeeper localhost:2181 --delete --topic onlytime
Topic onlytime is marked for deletion.
Note: This will have no impact if delete.topic.enable is not set to true.
admatic@wecandonow.com :~/Desktop/kafka_2.11-2.2.2$ bin/kafka-topics.sh --zookeeper localhost:2181 --list
__consumer_offsets
boamerica
chennai
robochef
wecandonow
admatic@wecandonow.com :~/Desktop/kafka_2.11-2.2.2$ 