ubuntu@ip-172-31-38-115:~$
ubuntu@ip-172-31-38-115:~$ ls
ubuntu@ip-172-31-38-115:~$ java -version

Command 'java' not found, but can be installed with:


ubuntu@ip-172-31-38-115:~$
ubuntu@ip-172-31-38-115:~$ sudo apt update
Hit:1 http://us-east-2.ec2.archive.ubuntu.com/ubuntu focal InRelease
Get:2 http://us-east-2.ec2.archive.ubuntu.com/ubuntu focal-updates InRelease [114 kB]
Get:3 http://us-east-2.ec2.archive.ubuntu.com/ubuntu focal-backports InRelease [108 kB]
Get:4 http://us-east-2.ec2.archive.ubuntu.com/ubuntu focal/universe amd64 Packages [8628 kB]
Get:5 http://security.ubuntu.com/ubuntu focal-security InRelease [114 kB]
Get:6 http://us-east-2.ec2.archive.ubuntu.com/ubuntu focal/universe Translation-en [5124 kB]
Get:7 http://us-east-2.ec2.archive.ubuntu.com/ubuntu focal/universe amd64 c-n-f Metadata [265 kB]
Get:8 http://us-east-2.ec2.archive.ubuntu.com/ubuntu focal/multiverse amd64 Packages [144 kB]
Get:9 http://us-east-2.ec2.archive.ubuntu.com/ubuntu focal/multiverse Translation-en [104 kB]
Get:10 http://us-east-2.ec2.archive.ubuntu.com/ubuntu focal/multiverse amd64 c-n-f Metadata [9136 B]
Get:11 http://us-east-2.ec2.archive.ubuntu.com/ubuntu focal-updates/main amd64 Packages [2080 kB]
Get:12 http://us-east-2.ec2.archive.ubuntu.com/ubuntu focal-updates/main Translation-en [370 kB]
Get:13 http://us-east-2.ec2.archive.ubuntu.com/ubuntu focal-updates/main amd64 c-n-f Metadata [15.9 kB]
Get:14 http://us-east-2.ec2.archive.ubuntu.com/ubuntu focal-updates/restricted amd64 Packages [1256 kB]
Get:15 http://us-east-2.ec2.archive.ubuntu.com/ubuntu focal-updates/restricted Translation-en [178 kB]
Get:16 http://us-east-2.ec2.archive.ubuntu.com/ubuntu focal-updates/restricted amd64 c-n-f Metadata [584 B]
Get:17 http://us-east-2.ec2.archive.ubuntu.com/ubuntu focal-updates/universe amd64 Packages [950 kB]
Get:18 http://us-east-2.ec2.archive.ubuntu.com/ubuntu focal-updates/universe Translation-en [217 kB]
Get:19 http://us-east-2.ec2.archive.ubuntu.com/ubuntu focal-updates/universe amd64 c-n-f Metadata [21.5 kB]
Get:20 http://us-east-2.ec2.archive.ubuntu.com/ubuntu focal-updates/multiverse amd64 Packages [24.4 kB]
Get:21 http://us-east-2.ec2.archive.ubuntu.com/ubuntu focal-updates/multiverse Translation-en [7336 B]
Get:22 http://us-east-2.ec2.archive.ubuntu.com/ubuntu focal-updates/multiverse amd64 c-n-f Metadata [588 B]
Get:23 http://us-east-2.ec2.archive.ubuntu.com/ubuntu focal-backports/main amd64 Packages [45.6 kB]
Get:24 http://us-east-2.ec2.archive.ubuntu.com/ubuntu focal-backports/main Translation-en [16.3 kB]
Get:25 http://us-east-2.ec2.archive.ubuntu.com/ubuntu focal-backports/main amd64 c-n-f Metadata [1420 B]
Get:26 http://us-east-2.ec2.archive.ubuntu.com/ubuntu focal-backports/restricted amd64 c-n-f Metadata [116 B]
Get:27 http://us-east-2.ec2.archive.ubuntu.com/ubuntu focal-backports/universe amd64 Packages [23.9 kB]
Get:28 http://us-east-2.ec2.archive.ubuntu.com/ubuntu focal-backports/universe Translation-en [16.0 kB]
Get:29 http://us-east-2.ec2.archive.ubuntu.com/ubuntu focal-backports/universe amd64 c-n-f Metadata [860 B]
Get:30 http://us-east-2.ec2.archive.ubuntu.com/ubuntu focal-backports/multiverse amd64 c-n-f Metadata [116 B]
Get:31 http://security.ubuntu.com/ubuntu focal-security/main amd64 Packages [1710 kB]
Get:32 http://security.ubuntu.com/ubuntu focal-security/main Translation-en [287 kB]
Get:33 http://security.ubuntu.com/ubuntu focal-security/main amd64 c-n-f Metadata [11.0 kB]
Get:34 http://security.ubuntu.com/ubuntu focal-security/restricted amd64 Packages [1169 kB]
Get:35 http://security.ubuntu.com/ubuntu focal-security/restricted Translation-en [166 kB]
Get:36 http://security.ubuntu.com/ubuntu focal-security/restricted amd64 c-n-f Metadata [588 B]
Get:37 http://security.ubuntu.com/ubuntu focal-security/universe amd64 Packages [718 kB]
Get:38 http://security.ubuntu.com/ubuntu focal-security/universe Translation-en [131 kB]
Get:39 http://security.ubuntu.com/ubuntu focal-security/universe amd64 c-n-f Metadata [14.8 kB]
Get:40 http://security.ubuntu.com/ubuntu focal-security/multiverse amd64 Packages [22.2 kB]
Get:41 http://security.ubuntu.com/ubuntu focal-security/multiverse Translation-en [5376 B]
Get:42 http://security.ubuntu.com/ubuntu focal-security/multiverse amd64 c-n-f Metadata [508 B]
Fetched 24.1 MB in 4s (5704 kB/s)
Reading package lists... Done
Building dependency tree
Reading state information... Done
62 packages can be upgraded. Run 'apt list --upgradable' to see them.
ubuntu@ip-172-31-38-115:~$
ubuntu@ip-172-31-38-115:~$ sudo apt install openjdk-8-jdk -y
Reading package lists... Done
Building dependency tree
Reading state information... Done
The following additional packages will be installed:
  adwaita-icon-theme at-spi2-core ca-certificates-java fontconfig
  fontconfig-config fonts-dejavu-core fonts-dejavu-extra
  gtk-update-icon-cache hicolor-icon-theme humanity-icon-theme
  java-common libasyncns0 libatk-bridge2.0-0 libatk-wrapper-java
  libatk-wrapper-java-jni libatk1.0-0 libatk1.0-data libatspi2.0-0
  libavahi-client3 libavahi-common-data libavahi-common3
  libcairo-gobject2 libcairo2 libcups2 libdatrie1 libdrm-amdgpu1
  libdrm-intel1 libdrm-nouveau2 libdrm-radeon1 libflac8 libfontconfig1
  libfontenc1 libgail-common libgail18 libgdk-pixbuf2.0-0
  libgdk-pixbuf2.0-bin libgdk-pixbuf2.0-common libgif7 libgl1
  libgl1-mesa-dri libgl1-mesa-glx libglapi-mesa libglvnd0 libglx-mesa0
  libglx0 libgraphite2-3 libgtk2.0-0 libgtk2.0-bin libgtk2.0-common
  libharfbuzz0b libice-dev libice6 libjbig0 libjpeg-turbo8 libjpeg8
  liblcms2-2 libllvm12 libpango-1.0-0 libpangocairo-1.0-0
  libpangoft2-1.0-0 libpciaccess0 libpcsclite1 libpixman-1-0
  libpthread-stubs0-dev libpulse0 librsvg2-2 librsvg2-common
  libsensors-config libsensors5 libsm-dev libsm6 libsndfile1
  libthai-data libthai0 libtiff5 libvorbisenc2 libvulkan1
  libwayland-client0 libwebp6 libx11-dev libx11-xcb1 libxau-dev libxaw7
  libxcb-dri2-0 libxcb-dri3-0 libxcb-glx0 libxcb-present0 libxcb-randr0
  libxcb-render0 libxcb-shape0 libxcb-shm0 libxcb-sync1 libxcb-xfixes0
  libxcb1-dev libxcomposite1 libxcursor1 libxdamage1 libxdmcp-dev
  libxfixes3 libxft2 libxi6 libxinerama1 libxkbfile1 libxmu6 libxpm4
  libxrandr2 libxrender1 libxshmfence1 libxt-dev libxt6 libxtst6 libxv1
  libxxf86dga1 libxxf86vm1 mesa-vulkan-drivers openjdk-8-jdk-headless
  openjdk-8-jre openjdk-8-jre-headless ubuntu-mono x11-common x11-utils
  x11proto-core-dev x11proto-dev xorg-sgml-doctools xtrans-dev
Suggested packages:
  default-jre cups-common gvfs libice-doc liblcms2-utils pcscd
  pulseaudio librsvg2-bin lm-sensors libsm-doc libx11-doc libxcb-doc
  libxt-doc openjdk-8-demo openjdk-8-source visualvm libnss-mdns
  fonts-ipafont-gothic fonts-ipafont-mincho fonts-wqy-microhei
  fonts-wqy-zenhei fonts-indic mesa-utils
The following NEW packages will be installed:
  adwaita-icon-theme at-spi2-core ca-certificates-java fontconfig
  fontconfig-config fonts-dejavu-core fonts-dejavu-extra
  gtk-update-icon-cache hicolor-icon-theme humanity-icon-theme
  java-common libasyncns0 libatk-bridge2.0-0 libatk-wrapper-java
  libatk-wrapper-java-jni libatk1.0-0 libatk1.0-data libatspi2.0-0
  libavahi-client3 libavahi-common-data libavahi-common3
  libcairo-gobject2 libcairo2 libcups2 libdatrie1 libdrm-amdgpu1
  libdrm-intel1 libdrm-nouveau2 libdrm-radeon1 libflac8 libfontconfig1
  libfontenc1 libgail-common libgail18 libgdk-pixbuf2.0-0
  libgdk-pixbuf2.0-bin libgdk-pixbuf2.0-common libgif7 libgl1
  libgl1-mesa-dri libgl1-mesa-glx libglapi-mesa libglvnd0 libglx-mesa0
  libglx0 libgraphite2-3 libgtk2.0-0 libgtk2.0-bin libgtk2.0-common
  libharfbuzz0b libice-dev libice6 libjbig0 libjpeg-turbo8 libjpeg8
  liblcms2-2 libllvm12 libpango-1.0-0 libpangocairo-1.0-0
  libpangoft2-1.0-0 libpciaccess0 libpcsclite1 libpixman-1-0
  libpthread-stubs0-dev libpulse0 librsvg2-2 librsvg2-common
  libsensors-config libsensors5 libsm-dev libsm6 libsndfile1
  libthai-data libthai0 libtiff5 libvorbisenc2 libvulkan1
  libwayland-client0 libwebp6 libx11-dev libx11-xcb1 libxau-dev libxaw7
  libxcb-dri2-0 libxcb-dri3-0 libxcb-glx0 libxcb-present0 libxcb-randr0
  libxcb-render0 libxcb-shape0 libxcb-shm0 libxcb-sync1 libxcb-xfixes0
  libxcb1-dev libxcomposite1 libxcursor1 libxdamage1 libxdmcp-dev
  libxfixes3 libxft2 libxi6 libxinerama1 libxkbfile1 libxmu6 libxpm4
  libxrandr2 libxrender1 libxshmfence1 libxt-dev libxt6 libxtst6 libxv1
  libxxf86dga1 libxxf86vm1 mesa-vulkan-drivers openjdk-8-jdk
  openjdk-8-jdk-headless openjdk-8-jre openjdk-8-jre-headless
  ubuntu-mono x11-common x11-utils x11proto-core-dev x11proto-dev
  xorg-sgml-doctools xtrans-dev
0 upgraded, 126 newly installed, 0 to remove and 62 not upgraded.
Need to get 96.1 MB of archives.
After this operation, 757 MB of additional disk space will be used.
Do you want to continue? [Y/n] Y
Get:1 http://us-east-2.ec2.archive.ubuntu.com/ubuntu focal/main amd64 hicolor-icon-theme all 0.17-2 [9976 B]
Get:2 http://us-east-2.ec2.archive.ubuntu.com/ubuntu focal-updates/main amd64 libjpeg-turbo8 amd64 2.0.3-0ubuntu1.20.04.1 [117 kB]
Get:3 http://us-east-2.ec2.archive.ubuntu.com/ubuntu focal/main amd64 libjpeg8 amd64 8c-2ubuntu8 [2194 B]
Get:4 http://us-east-2.ec2.archive.ubuntu.com/ubuntu focal/main amd64 libjbig0 amd64 2.1-3.1build1 [26.7 kB]
Get:5 http://us-east-2.ec2.archive.ubuntu.com/ubuntu focal-updates/main amd64 libwebp6 amd64 0.6.1-2ubuntu0.20.04.1 [185 kB]
Get:6 http://us-east-2.ec2.archive.ubuntu.com/ubuntu focal-updates/main amd64 libtiff5 amd64 4.1.0+git191117-2ubuntu0.20.04.4 [162 kB]
Get:7 http://us-east-2.ec2.archive.ubuntu.com/ubuntu focal-updates/main amd64 libgdk-pixbuf2.0-common all 2.40.0+dfsg-3ubuntu0.3 [4628 B]
Get:8 http://us-east-2.ec2.archive.ubuntu.com/ubuntu focal-updates/main amd64 libgdk-pixbuf2.0-0 amd64 2.40.0+dfsg-3ubuntu0.3 [168 kB]
Get:9 http://us-east-2.ec2.archive.ubuntu.com/ubuntu focal-updates/main amd64 gtk-update-icon-cache amd64 3.24.20-0ubuntu1.1 [28.8 kB]
Get:10 http://us-east-2.ec2.archive.ubuntu.com/ubuntu focal/main amd64 fonts-dejavu-core all 2.37-1 [1041 kB]
Get:11 http://us-east-2.ec2.archive.ubuntu.com/ubuntu focal/main amd64 fontconfig-config all 2.13.1-2ubuntu3 [28.8 kB]
Get:12 http://us-east-2.ec2.archive.ubuntu.com/ubuntu focal/main amd64 libfontconfig1 amd64 2.13.1-2ubuntu3 [114 kB]
Get:13 http://us-east-2.ec2.archive.ubuntu.com/ubuntu focal/main amd64 libpixman-1-0 amd64 0.38.4-0ubuntu1 [227 kB]
Get:14 http://us-east-2.ec2.archive.ubuntu.com/ubuntu focal/main amd64 libxcb-render0 amd64 1.14-2 [14.8 kB]
Get:15 http://us-east-2.ec2.archive.ubuntu.com/ubuntu focal/main amd64 libxcb-shm0 amd64 1.14-2 [5584 B]
Get:16 http://us-east-2.ec2.archive.ubuntu.com/ubuntu focal/main amd64 libxrender1 amd64 1:0.9.10-1 [18.7 kB]
Get:17 http://us-east-2.ec2.archive.ubuntu.com/ubuntu focal/main amd64 libcairo2 amd64 1.16.0-4ubuntu1 [583 kB]
Get:18 http://us-east-2.ec2.archive.ubuntu.com/ubuntu focal/main amd64 libcairo-gobject2 amd64 1.16.0-4ubuntu1 [17.2 kB]
Get:19 http://us-east-2.ec2.archive.ubuntu.com/ubuntu focal/main amd64 fontconfig amd64 2.13.1-2ubuntu3 [171 kB]
Get:20 http://us-east-2.ec2.archive.ubuntu.com/ubuntu focal/main amd64 libgraphite2-3 amd64 1.3.13-11build1 [73.5 kB]
Get:21 http://us-east-2.ec2.archive.ubuntu.com/ubuntu focal-updates/main amd64 libharfbuzz0b amd64 2.6.4-1ubuntu4.2 [391 kB]
Get:22 http://us-east-2.ec2.archive.ubuntu.com/ubuntu focal/main amd64 libthai-data all 0.1.28-3 [134 kB]
Get:23 http://us-east-2.ec2.archive.ubuntu.com/ubuntu focal/main amd64 libdatrie1 amd64 0.2.12-3 [18.7 kB]
Get:24 http://us-east-2.ec2.archive.ubuntu.com/ubuntu focal/main amd64 libthai0 amd64 0.1.28-3 [18.1 kB]
Get:25 http://us-east-2.ec2.archive.ubuntu.com/ubuntu focal/main amd64 libpango-1.0-0 amd64 1.44.7-2ubuntu4 [162 kB]
Get:26 http://us-east-2.ec2.archive.ubuntu.com/ubuntu focal/main amd64 libpangoft2-1.0-0 amd64 1.44.7-2ubuntu4 [34.9 kB]
Get:27 http://us-east-2.ec2.archive.ubuntu.com/ubuntu focal/main amd64 libpangocairo-1.0-0 amd64 1.44.7-2ubuntu4 [24.8 kB]
Get:28 http://us-east-2.ec2.archive.ubuntu.com/ubuntu focal-updates/main amd64 librsvg2-2 amd64 2.48.9-1ubuntu0.20.04.1 [2253 kB]
Get:29 http://us-east-2.ec2.archive.ubuntu.com/ubuntu focal-updates/main amd64 librsvg2-common amd64 2.48.9-1ubuntu0.20.04.1 [9212 B]
Get:30 http://us-east-2.ec2.archive.ubuntu.com/ubuntu focal/main amd64 humanity-icon-theme all 0.6.15 [1250 kB]
Get:31 http://us-east-2.ec2.archive.ubuntu.com/ubuntu focal/main amd64 ubuntu-mono all 19.04-0ubuntu3 [147 kB]
Get:32 http://us-east-2.ec2.archive.ubuntu.com/ubuntu focal-updates/main amd64 adwaita-icon-theme all 3.36.1-2ubuntu0.20.04.2 [3441 kB]
Get:33 http://us-east-2.ec2.archive.ubuntu.com/ubuntu focal/main amd64 libatspi2.0-0 amd64 2.36.0-2 [64.2 kB]
Get:34 http://us-east-2.ec2.archive.ubuntu.com/ubuntu focal/main amd64 x11-common all 1:7.7+19ubuntu14 [22.3 kB]
Get:35 http://us-east-2.ec2.archive.ubuntu.com/ubuntu focal/main amd64 libxtst6 amd64 2:1.2.3-1 [12.8 kB]
Get:36 http://us-east-2.ec2.archive.ubuntu.com/ubuntu focal/main amd64 at-spi2-core amd64 2.36.0-2 [48.7 kB]
Get:37 http://us-east-2.ec2.archive.ubuntu.com/ubuntu focal/main amd64 java-common all 0.72 [6816 B]
Get:38 http://us-east-2.ec2.archive.ubuntu.com/ubuntu focal-updates/main amd64 libavahi-common-data amd64 0.7-4ubuntu7.1 [21.4 kB]
Get:39 http://us-east-2.ec2.archive.ubuntu.com/ubuntu focal-updates/main amd64 libavahi-common3 amd64 0.7-4ubuntu7.1 [21.7 kB]
Get:40 http://us-east-2.ec2.archive.ubuntu.com/ubuntu focal-updates/main amd64 libavahi-client3 amd64 0.7-4ubuntu7.1 [25.5 kB]
Get:41 http://us-east-2.ec2.archive.ubuntu.com/ubuntu focal-updates/main amd64 libcups2 amd64 2.3.1-9ubuntu1.2 [233 kB]
Get:42 http://us-east-2.ec2.archive.ubuntu.com/ubuntu focal/main amd64 liblcms2-2 amd64 2.9-4 [140 kB]
Get:43 http://us-east-2.ec2.archive.ubuntu.com/ubuntu focal/main amd64 libpcsclite1 amd64 1.8.26-3 [22.0 kB]
Get:44 http://us-east-2.ec2.archive.ubuntu.com/ubuntu focal/main amd64 libxi6 amd64 2:1.7.10-0ubuntu1 [29.9 kB]
Get:45 http://us-east-2.ec2.archive.ubuntu.com/ubuntu focal-updates/universe amd64 openjdk-8-jre-headless amd64 8u342-b07-0ubuntu1~20.04 [28.2 MB]
Get:46 http://us-east-2.ec2.archive.ubuntu.com/ubuntu focal/main amd64 ca-certificates-java all 20190405ubuntu1 [12.2 kB]
Get:47 http://us-east-2.ec2.archive.ubuntu.com/ubuntu focal/main amd64 fonts-dejavu-extra all 2.37-1 [1953 kB]
Get:48 http://us-east-2.ec2.archive.ubuntu.com/ubuntu focal/main amd64 libasyncns0 amd64 0.8-6 [12.1 kB]
Get:49 http://us-east-2.ec2.archive.ubuntu.com/ubuntu focal/main amd64 libatk1.0-data all 2.35.1-1ubuntu2 [2964 B]
Get:50 http://us-east-2.ec2.archive.ubuntu.com/ubuntu focal/main amd64 libatk1.0-0 amd64 2.35.1-1ubuntu2 [45.5 kB]
Get:51 http://us-east-2.ec2.archive.ubuntu.com/ubuntu focal-updates/main amd64 libatk-bridge2.0-0 amd64 2.34.2-0ubuntu2~20.04.1 [58.2 kB]
Get:52 http://us-east-2.ec2.archive.ubuntu.com/ubuntu focal/main amd64 libfontenc1 amd64 1:1.1.4-0ubuntu1 [14.0 kB]
Get:53 http://us-east-2.ec2.archive.ubuntu.com/ubuntu focal-updates/main amd64 libglvnd0 amd64 1.3.2-1~ubuntu0.20.04.2 [48.1 kB]
Get:54 http://us-east-2.ec2.archive.ubuntu.com/ubuntu focal-updates/main amd64 libglapi-mesa amd64 21.2.6-0ubuntu0.1~20.04.2 [27.4 kB]
Get:55 http://us-east-2.ec2.archive.ubuntu.com/ubuntu focal-updates/main amd64 libx11-xcb1 amd64 2:1.6.9-2ubuntu1.2 [9372 B]
Get:56 http://us-east-2.ec2.archive.ubuntu.com/ubuntu focal/main amd64 libxcb-dri2-0 amd64 1.14-2 [6920 B]
Get:57 http://us-east-2.ec2.archive.ubuntu.com/ubuntu focal/main amd64 libxcb-dri3-0 amd64 1.14-2 [6552 B]
Get:58 http://us-east-2.ec2.archive.ubuntu.com/ubuntu focal/main amd64 libxcb-glx0 amd64 1.14-2 [22.1 kB]
Get:59 http://us-east-2.ec2.archive.ubuntu.com/ubuntu focal/main amd64 libxcb-present0 amd64 1.14-2 [5560 B]
Get:60 http://us-east-2.ec2.archive.ubuntu.com/ubuntu focal/main amd64 libxcb-sync1 amd64 1.14-2 [8884 B]
Get:61 http://us-east-2.ec2.archive.ubuntu.com/ubuntu focal/main amd64 libxcb-xfixes0 amd64 1.14-2 [9296 B]
Get:62 http://us-east-2.ec2.archive.ubuntu.com/ubuntu focal/main amd64 libxfixes3 amd64 1:5.0.3-2 [10.9 kB]
Get:63 http://us-east-2.ec2.archive.ubuntu.com/ubuntu focal/main amd64 libxshmfence1 amd64 1.3-1 [5028 B]
Get:64 http://us-east-2.ec2.archive.ubuntu.com/ubuntu focal/main amd64 libxxf86vm1 amd64 1:1.1.4-1build1 [10.2 kB]
Get:65 http://us-east-2.ec2.archive.ubuntu.com/ubuntu focal-updates/main amd64 libdrm-amdgpu1 amd64 2.4.107-8ubuntu1~20.04.2 [18.6 kB]
Get:66 http://us-east-2.ec2.archive.ubuntu.com/ubuntu focal/main amd64 libpciaccess0 amd64 0.16-0ubuntu1 [17.9 kB]
Get:67 http://us-east-2.ec2.archive.ubuntu.com/ubuntu focal-updates/main amd64 libdrm-intel1 amd64 2.4.107-8ubuntu1~20.04.2 [60.3 kB]
Get:68 http://us-east-2.ec2.archive.ubuntu.com/ubuntu focal-updates/main amd64 libdrm-nouveau2 amd64 2.4.107-8ubuntu1~20.04.2 [16.6 kB]
Get:69 http://us-east-2.ec2.archive.ubuntu.com/ubuntu focal-updates/main amd64 libdrm-radeon1 amd64 2.4.107-8ubuntu1~20.04.2 [19.7 kB]
Get:70 http://us-east-2.ec2.archive.ubuntu.com/ubuntu focal-updates/main amd64 libllvm12 amd64 1:12.0.0-3ubuntu1~20.04.5 [18.8 MB]
Get:71 http://us-east-2.ec2.archive.ubuntu.com/ubuntu focal-updates/main amd64 libsensors-config all 1:3.6.0-2ubuntu1.1 [6052 B]
Get:72 http://us-east-2.ec2.archive.ubuntu.com/ubuntu focal-updates/main amd64 libsensors5 amd64 1:3.6.0-2ubuntu1.1 [27.2 kB]
Get:73 http://us-east-2.ec2.archive.ubuntu.com/ubuntu focal/main amd64 libvulkan1 amd64 1.2.131.2-1 [93.3 kB]
Get:74 http://us-east-2.ec2.archive.ubuntu.com/ubuntu focal-updates/main amd64 libgl1-mesa-dri amd64 21.2.6-0ubuntu0.1~20.04.2 [11.0 MB]
Get:75 http://us-east-2.ec2.archive.ubuntu.com/ubuntu focal-updates/main amd64 libglx-mesa0 amd64 21.2.6-0ubuntu0.1~20.04.2 [137 kB]
Get:76 http://us-east-2.ec2.archive.ubuntu.com/ubuntu focal-updates/main amd64 libglx0 amd64 1.3.2-1~ubuntu0.20.04.2 [32.5 kB]
Get:77 http://us-east-2.ec2.archive.ubuntu.com/ubuntu focal-updates/main amd64 libgl1 amd64 1.3.2-1~ubuntu0.20.04.2 [85.8 kB]
Get:78 http://us-east-2.ec2.archive.ubuntu.com/ubuntu focal/main amd64 libice6 amd64 2:1.0.10-0ubuntu1 [41.0 kB]
Get:79 http://us-east-2.ec2.archive.ubuntu.com/ubuntu focal/main amd64 libsm6 amd64 2:1.2.3-1 [16.1 kB]
Get:80 http://us-east-2.ec2.archive.ubuntu.com/ubuntu focal/main amd64 libxt6 amd64 1:1.1.5-1 [160 kB]
Get:81 http://us-east-2.ec2.archive.ubuntu.com/ubuntu focal/main amd64 libxmu6 amd64 2:1.1.3-0ubuntu1 [45.8 kB]
Get:82 http://us-east-2.ec2.archive.ubuntu.com/ubuntu focal/main amd64 libxpm4 amd64 1:3.5.12-1 [34.0 kB]
Get:83 http://us-east-2.ec2.archive.ubuntu.com/ubuntu focal/main amd64 libxaw7 amd64 2:1.0.13-1 [173 kB]
Get:84 http://us-east-2.ec2.archive.ubuntu.com/ubuntu focal/main amd64 libxcb-shape0 amd64 1.14-2 [5928 B]
Get:85 http://us-east-2.ec2.archive.ubuntu.com/ubuntu focal/main amd64 libxcomposite1 amd64 1:0.4.5-1 [6976 B]
Get:86 http://us-east-2.ec2.archive.ubuntu.com/ubuntu focal/main amd64 libxft2 amd64 2.3.3-0ubuntu1 [39.2 kB]
Get:87 http://us-east-2.ec2.archive.ubuntu.com/ubuntu focal/main amd64 libxinerama1 amd64 2:1.1.4-2 [6904 B]
Get:88 http://us-east-2.ec2.archive.ubuntu.com/ubuntu focal/main amd64 libxkbfile1 amd64 1:1.1.0-1 [65.3 kB]
Get:89 http://us-east-2.ec2.archive.ubuntu.com/ubuntu focal/main amd64 libxrandr2 amd64 2:1.5.2-0ubuntu1 [18.5 kB]
Get:90 http://us-east-2.ec2.archive.ubuntu.com/ubuntu focal/main amd64 libxv1 amd64 2:1.0.11-1 [10.7 kB]
Get:91 http://us-east-2.ec2.archive.ubuntu.com/ubuntu focal/main amd64 libxxf86dga1 amd64 2:1.1.5-0ubuntu1 [12.0 kB]
Get:92 http://us-east-2.ec2.archive.ubuntu.com/ubuntu focal/main amd64 x11-utils amd64 7.7+5 [199 kB]
Get:93 http://us-east-2.ec2.archive.ubuntu.com/ubuntu focal/main amd64 libatk-wrapper-java all 0.37.1-1 [53.0 kB]
Get:94 http://us-east-2.ec2.archive.ubuntu.com/ubuntu focal/main amd64 libatk-wrapper-java-jni amd64 0.37.1-1 [45.1 kB]
Get:95 http://us-east-2.ec2.archive.ubuntu.com/ubuntu focal/main amd64 libflac8 amd64 1.3.3-1build1 [103 kB]
Get:96 http://us-east-2.ec2.archive.ubuntu.com/ubuntu focal/main amd64 libgtk2.0-common all 2.24.32-4ubuntu4 [126 kB]
Get:97 http://us-east-2.ec2.archive.ubuntu.com/ubuntu focal/main amd64 libxcursor1 amd64 1:1.2.0-2 [20.1 kB]
Get:98 http://us-east-2.ec2.archive.ubuntu.com/ubuntu focal/main amd64 libxdamage1 amd64 1:1.1.5-2 [6996 B]
Get:99 http://us-east-2.ec2.archive.ubuntu.com/ubuntu focal/main amd64 libgtk2.0-0 amd64 2.24.32-4ubuntu4 [1791 kB]
Get:100 http://us-east-2.ec2.archive.ubuntu.com/ubuntu focal/main amd64 libgail18 amd64 2.24.32-4ubuntu4 [14.7 kB]
Get:101 http://us-east-2.ec2.archive.ubuntu.com/ubuntu focal/main amd64 libgail-common amd64 2.24.32-4ubuntu4 [116 kB]
Get:102 http://us-east-2.ec2.archive.ubuntu.com/ubuntu focal-updates/main amd64 libgdk-pixbuf2.0-bin amd64 2.40.0+dfsg-3ubuntu0.3 [14.1 kB]
Get:103 http://us-east-2.ec2.archive.ubuntu.com/ubuntu focal/main amd64 libgif7 amd64 5.1.9-1 [32.2 kB]
Get:104 http://us-east-2.ec2.archive.ubuntu.com/ubuntu focal-updates/main amd64 libgl1-mesa-glx amd64 21.2.6-0ubuntu0.1~20.04.2 [5536 B]
Get:105 http://us-east-2.ec2.archive.ubuntu.com/ubuntu focal/main amd64 libgtk2.0-bin amd64 2.24.32-4ubuntu4 [7728 B]
Get:106 http://us-east-2.ec2.archive.ubuntu.com/ubuntu focal/main amd64 xorg-sgml-doctools all 1:1.11-1 [12.9 kB]
Get:107 http://us-east-2.ec2.archive.ubuntu.com/ubuntu focal/main amd64 x11proto-dev all 2019.2-1ubuntu1 [594 kB]
Get:108 http://us-east-2.ec2.archive.ubuntu.com/ubuntu focal/main amd64 x11proto-core-dev all 2019.2-1ubuntu1 [2620 B]
Get:109 http://us-east-2.ec2.archive.ubuntu.com/ubuntu focal/main amd64 libice-dev amd64 2:1.0.10-0ubuntu1 [47.8 kB]
Get:110 http://us-east-2.ec2.archive.ubuntu.com/ubuntu focal/main amd64 libpthread-stubs0-dev amd64 0.4-1 [5384 B]
Get:111 http://us-east-2.ec2.archive.ubuntu.com/ubuntu focal/main amd64 libvorbisenc2 amd64 1.3.6-2ubuntu1 [70.7 kB]
Get:112 http://us-east-2.ec2.archive.ubuntu.com/ubuntu focal-updates/main amd64 libsndfile1 amd64 1.0.28-7ubuntu0.1 [170 kB]
Get:113 http://us-east-2.ec2.archive.ubuntu.com/ubuntu focal-updates/main amd64 libpulse0 amd64 1:13.99.1-1ubuntu3.13 [262 kB]
Get:114 http://us-east-2.ec2.archive.ubuntu.com/ubuntu focal/main amd64 libsm-dev amd64 2:1.2.3-1 [17.0 kB]
Get:115 http://us-east-2.ec2.archive.ubuntu.com/ubuntu focal/main amd64 libwayland-client0 amd64 1.18.0-1 [23.9 kB]
cytool to provide /usr/bin/policytool (policytool) in auto mode
Setting up humanity-icon-theme (0.6.15) ...
Setting up libgail18:amd64 (2.24.32-4ubuntu4) ...
Setting up libgtk2.0-bin (2.24.32-4ubuntu4) ...
Setting up openjdk-8-jdk:amd64 (8u342-b07-0ubuntu1~20.04) ...
update-alternatives: using /usr/lib/jvm/java-8-openjdk-amd64/bin/appletviewer to provide /usr/bin/appletviewer (appletviewer) in auto mode
update-alternatives: using /usr/lib/jvm/java-8-openjdk-amd64/bin/jconsole to provide /usr/bin/jconsole (jconsole) in auto mode
Setting up libgail-common:amd64 (2.24.32-4ubuntu4) ...
Setting up ubuntu-mono (19.04-0ubuntu3) ...
Processing triggers for systemd (245.4-4ubuntu3.17) ...
Processing triggers for man-db (2.9.1-1) ...
Processing triggers for ca-certificates (20211016~20.04.1) ...
Updating certificates in /etc/ssl/certs...
0 added, 0 removed; done.
Running hooks in /etc/ca-certificates/update.d...

done.
done.
Processing triggers for mime-support (3.64ubuntu1) ...
Processing triggers for libc-bin (2.31-0ubuntu9.9) ...
Processing triggers for libgdk-pixbuf2.0-0:amd64 (2.40.0+dfsg-3ubuntu0.3) ...
ubuntu@ip-172-31-38-115:~$
ubuntu@ip-172-31-38-115:~$ java -version
openjdk version "1.8.0_342"
OpenJDK Runtime Environment (build 1.8.0_342-8u342-b07-0ubuntu1~20.04-b07)
OpenJDK 64-Bit Server VM (build 25.342-b07, mixed mode)
ubuntu@ip-172-31-38-115:~$ ls
ubuntu@ip-172-31-38-115:~$
ubuntu@ip-172-31-38-115:~$ wget https://archive.apache.org/dist/kafka/2.2.2/kafka_2.11-2.2.2.tgz
--2022-09-13 04:49:49--  https://archive.apache.org/dist/kafka/2.2.2/kafka_2.11-2.2.2.tgz
Resolving archive.apache.org (archive.apache.org)... 138.201.131.134, 2a01:4f8:172:2ec5::2
Connecting to archive.apache.org (archive.apache.org)|138.201.131.134|:443... connected.
HTTP request sent, awaiting response... 200 OK
Length: 64289547 (61M) [application/x-gzip]
Saving to: ‘kafka_2.11-2.2.2.tgz’

kafka_2.11-2.2.2.t 100%[=============>]  61.31M  13.6MB/s    in 6.0s

2022-09-13 04:49:56 (10.2 MB/s) - ‘kafka_2.11-2.2.2.tgz’ saved [64289547/64289547]

ubuntu@ip-172-31-38-115:~$ tar -zxvf kafka_2.11-2.2.2.tgz
kafka_2.11-2.2.2/
kafka_2.11-2.2.2/LICENSE
kafka_2.11-2.2.2/NOTICE
kafka_2.11-2.2.2/bin/
kafka_2.11-2.2.2/bin/kafka-delete-records.sh
kafka_2.11-2.2.2/bin/trogdor.sh
kafka_2.11-2.2.2/bin/kafka-preferred-replica-election.sh
kafka_2.11-2.2.2/bin/kafka-console-consumer.sh
kafka_2.11-2.2.2/bin/kafka-consumer-perf-test.sh
kafka_2.11-2.2.2/bin/kafka-log-dirs.sh
kafka_2.11-2.2.2/bin/zookeeper-server-stop.sh
kafka_2.11-2.2.2/bin/kafka-verifiable-consumer.sh
kafka_2.11-2.2.2/bin/kafka-acls.sh
kafka_2.11-2.2.2/bin/zookeeper-server-start.sh
kafka_2.11-2.2.2/bin/kafka-server-stop.sh
kafka_2.11-2.2.2/bin/kafka-configs.sh
kafka_2.11-2.2.2/bin/kafka-reassign-partitions.sh
kafka_2.11-2.2.2/bin/kafka-producer-perf-test.sh
kafka_2.11-2.2.2/bin/kafka-topics.sh
kafka_2.11-2.2.2/bin/connect-standalone.sh
kafka_2.11-2.2.2/bin/kafka-dump-log.sh
kafka_2.11-2.2.2/bin/kafka-broker-api-versions.sh
kafka_2.11-2.2.2/bin/kafka-consumer-groups.sh
kafka_2.11-2.2.2/bin/connect-distributed.sh
kafka_2.11-2.2.2/bin/kafka-delegation-tokens.sh
kafka_2.11-2.2.2/bin/kafka-run-class.sh
kafka_2.11-2.2.2/bin/kafka-replica-verification.sh
kafka_2.11-2.2.2/bin/kafka-console-producer.sh
kafka_2.11-2.2.2/bin/zookeeper-shell.sh
kafka_2.11-2.2.2/bin/windows/
kafka_2.11-2.2.2/bin/windows/zookeeper-server-stop.bat
kafka_2.11-2.2.2/bin/windows/connect-distributed.bat
kafka_2.11-2.2.2/bin/windows/kafka-configs.bat
kafka_2.11-2.2.2/bin/windows/kafka-console-producer.bat
kafka_2.11-2.2.2/bin/windows/kafka-topics.bat
kafka_2.11-2.2.2/bin/windows/kafka-dump-log.bat
kafka_2.11-2.2.2/bin/windows/kafka-console-consumer.bat
kafka_2.11-2.2.2/bin/windows/kafka-preferred-replica-election.bat
kafka_2.11-2.2.2/bin/windows/kafka-server-start.bat
kafka_2.11-2.2.2/bin/windows/kafka-consumer-groups.bat
kafka_2.11-2.2.2/bin/windows/kafka-mirror-maker.bat
kafka_2.11-2.2.2/bin/windows/kafka-reassign-partitions.bat
kafka_2.11-2.2.2/bin/windows/kafka-producer-perf-test.bat
kafka_2.11-2.2.2/bin/windows/zookeeper-server-start.bat
kafka_2.11-2.2.2/bin/windows/kafka-server-stop.bat
kafka_2.11-2.2.2/bin/windows/kafka-replica-verification.bat
kafka_2.11-2.2.2/bin/windows/kafka-run-class.bat
kafka_2.11-2.2.2/bin/windows/kafka-acls.bat
kafka_2.11-2.2.2/bin/windows/kafka-delegation-tokens.bat
kafka_2.11-2.2.2/bin/windows/kafka-broker-api-versions.bat
kafka_2.11-2.2.2/bin/windows/zookeeper-shell.bat
kafka_2.11-2.2.2/bin/windows/connect-standalone.bat
kafka_2.11-2.2.2/bin/windows/kafka-consumer-perf-test.bat
kafka_2.11-2.2.2/bin/kafka-verifiable-producer.sh
kafka_2.11-2.2.2/bin/kafka-server-start.sh
kafka_2.11-2.2.2/bin/kafka-mirror-maker.sh
kafka_2.11-2.2.2/bin/kafka-streams-application-reset.sh
kafka_2.11-2.2.2/bin/zookeeper-security-migration.sh
kafka_2.11-2.2.2/config/
kafka_2.11-2.2.2/config/consumer.properties
kafka_2.11-2.2.2/config/zookeeper.properties
kafka_2.11-2.2.2/config/server.properties
kafka_2.11-2.2.2/config/producer.properties
kafka_2.11-2.2.2/config/trogdor.conf
kafka_2.11-2.2.2/config/connect-console-sink.properties
kafka_2.11-2.2.2/config/connect-log4j.properties
kafka_2.11-2.2.2/config/connect-standalone.properties
kafka_2.11-2.2.2/config/connect-file-source.properties
kafka_2.11-2.2.2/config/connect-console-source.properties
kafka_2.11-2.2.2/config/connect-distributed.properties
kafka_2.11-2.2.2/config/tools-log4j.properties
kafka_2.11-2.2.2/config/connect-file-sink.properties
kafka_2.11-2.2.2/config/log4j.properties
kafka_2.11-2.2.2/libs/
kafka_2.11-2.2.2/libs/kafka-clients-2.2.2.jar
kafka_2.11-2.2.2/libs/jackson-datatype-jdk8-2.10.0.jar
kafka_2.11-2.2.2/libs/jackson-databind-2.10.0.jar
kafka_2.11-2.2.2/libs/jopt-simple-5.0.4.jar
kafka_2.11-2.2.2/libs/metrics-core-2.2.0.jar
kafka_2.11-2.2.2/libs/scala-logging_2.11-3.9.0.jar
kafka_2.11-2.2.2/libs/scala-reflect-2.11.12.jar
kafka_2.11-2.2.2/libs/scala-library-2.11.12.jar
kafka_2.11-2.2.2/libs/zkclient-0.11.jar
kafka_2.11-2.2.2/libs/zookeeper-3.4.13.jar
kafka_2.11-2.2.2/libs/slf4j-api-1.7.25.jar
kafka_2.11-2.2.2/libs/zstd-jni-1.3.8-1.jar
kafka_2.11-2.2.2/libs/lz4-java-1.5.0.jar
kafka_2.11-2.2.2/libs/snappy-java-1.1.7.2.jar
kafka_2.11-2.2.2/libs/jackson-annotations-2.10.0.jar
kafka_2.11-2.2.2/libs/jackson-core-2.10.0.jar
kafka_2.11-2.2.2/libs/audience-annotations-0.5.0.jar
kafka_2.11-2.2.2/libs/kafka_2.11-2.2.2.jar
kafka_2.11-2.2.2/libs/kafka_2.11-2.2.2.jar.asc
kafka_2.11-2.2.2/libs/kafka_2.11-2.2.2-sources.jar.asc
kafka_2.11-2.2.2/libs/kafka_2.11-2.2.2-javadoc.jar.asc
kafka_2.11-2.2.2/libs/kafka_2.11-2.2.2-test.jar.asc
kafka_2.11-2.2.2/libs/kafka_2.11-2.2.2-test-sources.jar.asc
kafka_2.11-2.2.2/libs/kafka_2.11-2.2.2-scaladoc.jar.asc
kafka_2.11-2.2.2/libs/kafka_2.11-2.2.2-sources.jar
kafka_2.11-2.2.2/libs/kafka_2.11-2.2.2-javadoc.jar
kafka_2.11-2.2.2/libs/kafka_2.11-2.2.2-test.jar
kafka_2.11-2.2.2/libs/kafka_2.11-2.2.2-test-sources.jar
kafka_2.11-2.2.2/libs/kafka_2.11-2.2.2-scaladoc.jar
kafka_2.11-2.2.2/site-docs/
kafka_2.11-2.2.2/site-docs/kafka_2.11-2.2.2-site-docs.tgz
kafka_2.11-2.2.2/libs/kafka-tools-2.2.2.jar
kafka_2.11-2.2.2/libs/kafka-log4j-appender-2.2.2.jar
kafka_2.11-2.2.2/libs/argparse4j-0.7.0.jar
kafka_2.11-2.2.2/libs/jackson-jaxrs-json-provider-2.10.0.jar
kafka_2.11-2.2.2/libs/jackson-jaxrs-base-2.10.0.jar
kafka_2.11-2.2.2/libs/jackson-module-jaxb-annotations-2.10.0.jar
kafka_2.11-2.2.2/libs/slf4j-log4j12-1.7.25.jar
kafka_2.11-2.2.2/libs/jersey-container-servlet-2.27.jar
kafka_2.11-2.2.2/libs/jersey-hk2-2.27.jar
kafka_2.11-2.2.2/libs/jaxb-api-2.3.0.jar
kafka_2.11-2.2.2/libs/activation-1.1.1.jar
kafka_2.11-2.2.2/libs/jetty-servlet-9.4.14.v20181114.jar
kafka_2.11-2.2.2/libs/jetty-security-9.4.14.v20181114.jar
kafka_2.11-2.2.2/libs/jetty-server-9.4.14.v20181114.jar
kafka_2.11-2.2.2/libs/jetty-servlets-9.4.14.v20181114.jar
kafka_2.11-2.2.2/libs/jersey-container-servlet-core-2.27.jar
kafka_2.11-2.2.2/libs/jersey-server-2.27.jar
kafka_2.11-2.2.2/libs/jersey-client-2.27.jar
kafka_2.11-2.2.2/libs/jersey-media-jaxb-2.27.jar
kafka_2.11-2.2.2/libs/jersey-common-2.27.jar
kafka_2.11-2.2.2/libs/javax.ws.rs-api-2.1.jar
kafka_2.11-2.2.2/libs/hk2-locator-2.5.0-b42.jar
kafka_2.11-2.2.2/libs/javax.servlet-api-3.1.0.jar
kafka_2.11-2.2.2/libs/jetty-http-9.4.14.v20181114.jar
kafka_2.11-2.2.2/libs/jetty-io-9.4.14.v20181114.jar
kafka_2.11-2.2.2/libs/jetty-continuation-9.4.14.v20181114.jar
kafka_2.11-2.2.2/libs/jetty-util-9.4.14.v20181114.jar
kafka_2.11-2.2.2/libs/log4j-1.2.17.jar
kafka_2.11-2.2.2/libs/jakarta.xml.bind-api-2.3.2.jar
kafka_2.11-2.2.2/libs/jakarta.activation-api-1.2.1.jar
kafka_2.11-2.2.2/libs/javax.inject-2.5.0-b42.jar
kafka_2.11-2.2.2/libs/hk2-api-2.5.0-b42.jar
kafka_2.11-2.2.2/libs/hk2-utils-2.5.0-b42.jar
kafka_2.11-2.2.2/libs/javax.annotation-api-1.2.jar
kafka_2.11-2.2.2/libs/osgi-resource-locator-1.0.1.jar
kafka_2.11-2.2.2/libs/validation-api-1.1.0.Final.jar
kafka_2.11-2.2.2/libs/aopalliance-repackaged-2.5.0-b42.jar
kafka_2.11-2.2.2/libs/javassist-3.22.0-CR2.jar
kafka_2.11-2.2.2/libs/javax.inject-1.jar
kafka_2.11-2.2.2/libs/connect-api-2.2.2.jar
kafka_2.11-2.2.2/libs/javax.ws.rs-api-2.1.1.jar
kafka_2.11-2.2.2/libs/connect-runtime-2.2.2.jar
kafka_2.11-2.2.2/libs/connect-json-2.2.2.jar
kafka_2.11-2.2.2/libs/connect-transforms-2.2.2.jar
kafka_2.11-2.2.2/libs/jetty-client-9.4.14.v20181114.jar
kafka_2.11-2.2.2/libs/reflections-0.9.11.jar
kafka_2.11-2.2.2/libs/maven-artifact-3.6.0.jar
kafka_2.11-2.2.2/libs/guava-20.0.jar
kafka_2.11-2.2.2/libs/plexus-utils-3.1.0.jar
kafka_2.11-2.2.2/libs/commons-lang3-3.8.1.jar
kafka_2.11-2.2.2/libs/connect-file-2.2.2.jar
kafka_2.11-2.2.2/libs/connect-basic-auth-extension-2.2.2.jar
kafka_2.11-2.2.2/libs/kafka-streams-2.2.2.jar
kafka_2.11-2.2.2/libs/rocksdbjni-5.15.10.jar
kafka_2.11-2.2.2/libs/kafka-streams-scala_2.11-2.2.2.jar
kafka_2.11-2.2.2/libs/kafka-streams-test-utils-2.2.2.jar
kafka_2.11-2.2.2/libs/kafka-streams-examples-2.2.2.jar
ubuntu@ip-172-31-38-115:~$

ubuntu@ip-172-31-38-115:~$ jps
16748 Jps
ubuntu@ip-172-31-38-115:~$ ls
kafka_2.11-2.2.2  kafka_2.11-2.2.2.tgz
ubuntu@ip-172-31-38-115:~$ cd kafka_2.11-2.2.2/
ubuntu@ip-172-31-38-115:~/kafka_2.11-2.2.2$
ubuntu@ip-172-31-38-115:~/kafka_2.11-2.2.2$ ls
LICENSE  NOTICE  bin  config  libs  site-docs
ubuntu@ip-172-31-38-115:~/kafka_2.11-2.2.2$ ls bin
connect-distributed.sh               kafka-reassign-partitions.sh
connect-standalone.sh                kafka-replica-verification.sh
kafka-acls.sh                        kafka-run-class.sh
kafka-broker-api-versions.sh         kafka-server-start.sh
kafka-configs.sh                     kafka-server-stop.sh
kafka-console-consumer.sh            kafka-streams-application-reset.sh
kafka-console-producer.sh            kafka-topics.sh
kafka-consumer-groups.sh             kafka-verifiable-consumer.sh
kafka-consumer-perf-test.sh          kafka-verifiable-producer.sh
kafka-delegation-tokens.sh           trogdor.sh
kafka-delete-records.sh              windows
kafka-dump-log.sh                    zookeeper-security-migration.sh
kafka-log-dirs.sh                    zookeeper-server-start.sh
kafka-mirror-maker.sh                zookeeper-server-stop.sh
kafka-preferred-replica-election.sh  zookeeper-shell.sh
kafka-producer-perf-test.sh
ubuntu@ip-172-31-38-115:~/kafka_2.11-2.2.2$ ls config/
connect-console-sink.properties    consumer.properties
connect-console-source.properties  log4j.properties
connect-distributed.properties     producer.properties
connect-file-sink.properties       server.properties
connect-file-source.properties     tools-log4j.properties
connect-log4j.properties           trogdor.conf
connect-standalone.properties      zookeeper.properties
ubuntu@ip-172-31-38-115:~/kafka_2.11-2.2.2$
ubuntu@ip-172-31-38-115:~/kafka_2.11-2.2.2$ vi config/zookeeper.properties
ubuntu@ip-172-31-38-115:~/kafka_2.11-2.2.2$ pwd
/home/ubuntu/kafka_2.11-2.2.2
ubuntu@ip-172-31-38-115:~/kafka_2.11-2.2.2$ vi config/zookeeper.properties
ubuntu@ip-172-31-38-115:~/kafka_2.11-2.2.2$ cat config/zookeeper.properties
# Licensed to the Apache Software Foundation (ASF) under one or more
# contributor license agreements.  See the NOTICE file distributed with
# this work for additional information regarding copyright ownership.
# The ASF licenses this file to You under the Apache License, Version 2.0
# (the "License"); you may not use this file except in compliance with
# the License.  You may obtain a copy of the License at
#
#    http://www.apache.org/licenses/LICENSE-2.0
#
# Unless required by applicable law or agreed to in writing, software
# distributed under the License is distributed on an "AS IS" BASIS,
# WITHOUT WARRANTIES OR CONDITIONS OF ANY KIND, either express or implied.
# See the License for the specific language governing permissions and
# limitations under the License.
# the directory where the snapshot is stored.
dataDir=/home/ubuntu/zookeeper
# the port at which the clients will connect
clientPort=2181
# disable the per-ip limit on the number of connections since this is a non-production config
maxClientCnxns=0
ubuntu@ip-172-31-38-115:~/kafka_2.11-2.2.2$
ubuntu@ip-172-31-38-115:~/kafka_2.11-2.2.2$ vi config/server.properties

## update log.dirs=/home/ubuntu/kafka-logs
log.dirs=/home/ubuntu/kafka-logs

#########  Run zookeeper in one terminal

ubuntu@ip-172-31-38-115:~/kafka_2.11-2.2.2$ jps                                    
17466 Jps                                                                          ubuntu@ip-172-31-38-115:~/kafka_2.11-2.2.2$ bin/zookeeper-server-start.sh config/zookeeper.properties

[2022-09-13 04:57:52,215] INFO Reading configuration from: config/zookeeper.properties (org.apache.zookeeper.server.quorum.QuorumPeerConfig)                          [2022-09-13 04:57:52,226] INFO autopurge.snapRetainCount set to 3 (org.apache.zookeeper.server.DatadirCleanupManager)                                                 [2022-09-13 04:57:52,227] INFO autopurge.purgeInterval set to 0 (org.apache.zookeep
..........

######### and open new terminal 

ubuntu@ip-172-31-38-115:~/kafka_2.11-2.2.2$ bin/kafka-server-start.sh config/server.properties
[2022-09-13 04:58:56,752] INFO Registered kafka:type=kafka.Log4jController MBean (kafka.utils.Log4jControllerRegistration$)
[2022-09-13 04:58:57,220] INFO starting (kafka.server.KafkaServer)                 [2022-09-13 04:58:57,223] INFO Connecting to zookeeper on localhost:2181 (kafka.ser

..........

######### and open new terminal  to check both services are stable 

ubuntu@ip-172-31-38-115:~/kafka_2.11-2.2.2$ jps
17793 Kafka
17476 QuorumPeerMain
18156 Jps
ubuntu@ip-172-31-38-115:~/kafka_2.11-2.2.2$




ubuntu@ip-172-31-20-97:~/kafka_2.11-2.2.2$ bin/kafka-topics.sh --zookeeper localhost:2181 --list
ubuntu@ip-172-31-20-97:~/kafka_2.11-2.2.2$
ubuntu@ip-172-31-20-97:~/kafka_2.11-2.2.2$ bin/kafka-topics.sh --zookeeper localhost:2181 --create --partitions 1 --replication-factor 1 --topic wecandonow
Created topic wecandonow.
ubuntu@ip-172-31-20-97:~/kafka_2.11-2.2.2$ bin/kafka-topics.sh --zookeeper localhost:2181 --list
wecandonow
ubuntu@ip-172-31-20-97:~/kafka_2.11-2.2.2$ bin/kafka-topics.sh --zookeeper localhost:2181 --create --partitions 1 --replication-factor 1 --topic robochef
Created topic robochef.
ubuntu@ip-172-31-20-97:~/kafka_2.11-2.2.2$ bin/kafka-topics.sh --zookeeper localhost:2181 --list
robochef
wecandonow
ubuntu@ip-172-31-20-97:~/kafka_2.11-2.2.2$ bin/kafka-topics.sh --zookeeper localhost:2181 --describe --topic robochef
Topic:robochef  PartitionCount:1        ReplicationFactor:1     Configs:
        Topic: robochef Partition: 0    Leader: 0       Replicas: 0     Isr: 0
ubuntu@ip-172-31-20-97:~/kafka_2.11-2.2.2$
